start.login=jp.co.pro_app.lacs.affairs.login.model.LACSLoginStartModel
next.login=jp.co.pro_app.lacs.affairs.login.model.LACSLoginNextModel
reset.login=jp.co.pro_app.lacs.affairs.login.model.LACSLoginResetModel
passwordchange.login=jp.co.pro_app.lacs.affairs.login.model.LACSLoginPasswordChangeModel
back.login=jp.co.pro_app.lacs.affairs.login.model.LACSLoginBackModel
logout.login=jp.co.pro_app.lacs.affairs.login.model.LACSLoginLogoutModel

start.password=jp.co.pro_app.lacs.affairs.password.model.LACSPasswordStartModel
regist.password=jp.co.pro_app.lacs.affairs.password.model.LACSPasswordRegistModel

company.top=jp.co.pro_app.lacs.affairs.top.model.LACSCompanyStartModel
office.top=jp.co.pro_app.lacs.affairs.top.model.LACSOfficeStartModel
show.top=jp.co.pro_app.lacs.affairs.top.model.LACSTopShowModel
start.top=jp.co.pro_app.lacs.affairs.top.model.LACSTopStartModel
;fixedstart.top=jp.co.pro_app.lacs.affairs.top.model.LACSTopFixedStartModel
menu.top=jp.co.pro_app.lacs.affairs.top.model.LACSTopMenuModel
prepare.top=jp.co.pro_app.lacs.affairs.top.model.LACSTopPrepareModel
print.top=jp.co.pro_app.lacs.affairs.top.model.LACSTopPrintModel
logout.top=jp.co.pro_app.lacs.affairs.top.model.LACSTopLogoutModel

start.shiharai=jp.co.pro_app.lacs.affairs.shiharai.model.LACSShiharaiStartModel
keiyaku.shiharai=jp.co.pro_app.lacs.affairs.shiharai.model.LACSShiharaiKeiyakuModel
bukken.shiharai=jp.co.pro_app.lacs.affairs.shiharai.model.LACSShiharaiBukkenModel
filter.shiharai=jp.co.pro_app.lacs.affairs.shiharai.model.LACSShiharaiFilterModel
search.shiharai=jp.co.pro_app.lacs.affairs.shiharai.model.LACSShiharaiSearchModel
page.shiharai=jp.co.pro_app.lacs.affairs.shiharai.model.LACSShiharaiPageModel
select.shiharai=jp.co.pro_app.lacs.affairs.shiharai.model.LACSShiharaiSelectModel

start.shiwake=jp.co.pro_app.lacs.affairs.shiwake.model.LACSShiwakeStartModel
keiyaku.shiwake=jp.co.pro_app.lacs.affairs.shiwake.model.LACSShiwakeKeiyakuModel
bukken.shiwake=jp.co.pro_app.lacs.affairs.shiwake.model.LACSShiwakeBukkenModel
filter.shiwake=jp.co.pro_app.lacs.affairs.shiwake.model.LACSShiwakeFilterModel
search.shiwake=jp.co.pro_app.lacs.affairs.shiwake.model.LACSShiwakeSearchModel
page.shiwake=jp.co.pro_app.lacs.affairs.shiwake.model.LACSShiwakePageModel
select.shiwake=jp.co.pro_app.lacs.affairs.shiwake.model.LACSShiwakeSelectModel

start.keiyaku=jp.co.pro_app.lacs.affairs.keiyaku.model.LACSKeiyakuStartModel
filter.keiyaku=jp.co.pro_app.lacs.affairs.keiyaku.model.LACSKeiyakuFilterModel
detail.keiyaku=jp.co.pro_app.lacs.affairs.keiyaku.model.LACSKeiyakuDetailModel
search.keiyaku=jp.co.pro_app.lacs.affairs.keiyaku.model.LACSKeiyakuSearchModel
page.keiyaku=jp.co.pro_app.lacs.affairs.keiyaku.model.LACSKeiyakuPageModel
shiharai.keiyaku=jp.co.pro_app.lacs.affairs.keiyaku.model.LACSKeiyakuShiharaiModel
shiwake.keiyaku=jp.co.pro_app.lacs.affairs.keiyaku.model.LACSKeiyakuShiwakeModel
back.keiyaku=jp.co.pro_app.lacs.affairs.keiyaku.model.LACSKeiyakuBackModel
;prepare.keiyaku=jp.co.pro_app.lacs.affairs.keiyaku.model.LACSKeiyakuPrepareModel
print.keiyaku=jp.co.pro_app.lacs.affairs.keiyaku.model.LACSKeiyakuPrintModel

start.bukken=jp.co.pro_app.lacs.affairs.bukken.model.LACSBukkenStartModel
shiharai.bukken=jp.co.pro_app.lacs.affairs.bukken.model.LACSBukkenShiharaiModel
shiwake.bukken=jp.co.pro_app.lacs.affairs.bukken.model.LACSBukkenShiwakeModel
filter.bukken=jp.co.pro_app.lacs.affairs.bukken.model.LACSBukkenFilterModel
detail.bukken=jp.co.pro_app.lacs.affairs.bukken.model.LACSBukkenDetailModel
search.bukken=jp.co.pro_app.lacs.affairs.bukken.model.LACSBukkenSearchModel
page.bukken=jp.co.pro_app.lacs.affairs.bukken.model.LACSBukkenPageModel
back.bukken=jp.co.pro_app.lacs.affairs.bukken.model.LACSBukkenBackModel

start.report=jp.co.pro_app.lacs.affairs.report.model.LACSReportStartModel
filter.report=jp.co.pro_app.lacs.affairs.report.model.LACSReportFilterModel
pdfprint.report=jp.co.pro_app.lacs.affairs.report.model.LACSReportPDFPrintModel
csvprint.report=jp.co.pro_app.lacs.affairs.report.model.LACSReportCSVPrintModel
usersearch.report=jp.co.pro_app.lacs.affairs.report.model.LACSReportUserSearchModel
termchange.report=jp.co.pro_app.lacs.affairs.report.model.LACSReportTermChangeModel
csvdownload.report=jp.co.pro_app.lacs.affairs.report.model.LACSReportCSVDownloadModel
pdfprint2.report=jp.co.pro_app.lacs.affairs.report.model.LACSReportPDFPrintModel2
batchprint.report=jp.co.pro_app.lacs.affairs.report.model.LACSReportPDFPrintBatchModel

start.dsreport=jp.co.pro_app.lacs.affairs.dsreport.model.LACSDSReportStartModel
termchange.dsreport=jp.co.pro_app.lacs.affairs.dsreport.model.LACSDSReportTermChangeModel
pdfprint.dsreport=jp.co.pro_app.lacs.affairs.dsreport.model.LACSDSReportPDFPrintModel
csvprint.dsreport=jp.co.pro_app.lacs.affairs.dsreport.model.LACSDSReportCSVPrintModel
filter.dsreport=jp.co.pro_app.lacs.affairs.dsreport.model.LACSDSReportFilterModel
usersearch.dsreport=jp.co.pro_app.lacs.affairs.dsreport.model.LACSDSReportUserSearchModel

zandaka.nsprint=jp.co.pro_app.lacs.affairs.nsprint.model.LACSNSPrintPDFZandakaModel
goukei.nsprint=jp.co.pro_app.lacs.affairs.nsprint.model.LACSNSPrintPDFGoukeiModel

search.company=jp.co.pro_app.lacs.affairs.company.model.LACSCompanySearchModel
back.company=jp.co.pro_app.lacs.affairs.company.model.LACSCompanyBackModel
self.company=jp.co.pro_app.lacs.affairs.company.model.LACSCompanySearchSelfModel
regist.company=jp.co.pro_app.lacs.affairs.company.model.LACSCompanyRegistModel

start.companyuser=jp.co.pro_app.lacs.affairs.companyuser.model.LACSCompanyUserStartModel
back.companyuser=jp.co.pro_app.lacs.affairs.companyuser.model.LACSCompanyUserBackModel
search.companyuser=jp.co.pro_app.lacs.affairs.companyuser.model.LACSCompanyUserSearchModel
regist.companyuser=jp.co.pro_app.lacs.affairs.companyuser.model.LACSCompanyUserRegistModel

start.user=jp.co.pro_app.lacs.affairs.user.model.LACSUserStartModel
back.user=jp.co.pro_app.lacs.affairs.user.model.LACSUserBackModel
search.user=jp.co.pro_app.lacs.affairs.user.model.LACSUserSearchModel
regist.user=jp.co.pro_app.lacs.affairs.user.model.LACSUserRegistModel

start.karirisi=jp.co.pro_app.lacs.affairs.karirisi.model.LACSKariRisiStartModel
back.karirisi=jp.co.pro_app.lacs.affairs.karirisi.model.LACSKariRisiBackModel
search.karirisi=jp.co.pro_app.lacs.affairs.karirisi.model.LACSKariRisiSearchModel
regist.karirisi=jp.co.pro_app.lacs.affairs.karirisi.model.LACSKariRisiRegistModel

start.tanto=jp.co.pro_app.lacs.affairs.tanto.model.LACSTantoStartModel
back.tanto=jp.co.pro_app.lacs.affairs.tanto.model.LACSTantoBackModel
filter.tanto=jp.co.pro_app.lacs.affairs.tanto.model.LACSTantoFilterModel
search.tanto=jp.co.pro_app.lacs.affairs.tanto.model.LACSTantoSearchModel
regist.tanto=jp.co.pro_app.lacs.affairs.tanto.model.LACSTantoRegistModel
add.tanto=jp.co.pro_app.lacs.affairs.tanto.model.LACSTantoAddModel

start.companylist=jp.co.pro_app.lacs.affairs.companylist.model.LACSCompanyListStartModel
back.companylist=jp.co.pro_app.lacs.affairs.companylist.model.LACSCompanyListBackModel
search.companylist=jp.co.pro_app.lacs.affairs.companylist.model.LACSCompanyListSearchModel
page.companylist=jp.co.pro_app.lacs.affairs.companylist.model.LACSCompanyListPageModel
back.companylist=jp.co.pro_app.lacs.affairs.companylist.model.LACSCompanyListBackModel
delete.companylist=jp.co.pro_app.lacs.affairs.companylist.model.LACSCompanyListDeleteModel

start.companyuserlist=jp.co.pro_app.lacs.affairs.companyuserlist.model.LACSCompanyUserListStartModel
new.companyuserlist=jp.co.pro_app.lacs.affairs.companyuserlist.model.LACSCompanyUserListNewModel
edit.companyuserlist=jp.co.pro_app.lacs.affairs.companyuserlist.model.LACSCompanyUserListEditModel
filter.companyuserlist=jp.co.pro_app.lacs.affairs.companyuserlist.model.LACSCompanyUserListFilterModel
search.companyuserlist=jp.co.pro_app.lacs.affairs.companyuserlist.model.LACSCompanyUserListSearchModel
page.companyuserlist=jp.co.pro_app.lacs.affairs.companyuserlist.model.LACSCompanyUserListPageModel
back.companyuserlist=jp.co.pro_app.lacs.affairs.companyuserlist.model.LACSCompanyUserListBackModel
delete.companyuserlist=jp.co.pro_app.lacs.affairs.companyuserlist.model.LACSCompanyUserListDeleteModel
return.companyuserlist=jp.co.pro_app.lacs.affairs.companyuserlist.model.LACSCompanyUserListReturnModel

start.userlist=jp.co.pro_app.lacs.affairs.userlist.model.LACSUserListStartModel
new.userlist=jp.co.pro_app.lacs.affairs.userlist.model.LACSUserListNewModel
edit.userlist=jp.co.pro_app.lacs.affairs.userlist.model.LACSUserListEditModel
filter.userlist=jp.co.pro_app.lacs.affairs.userlist.model.LACSUserListFilterModel
search.userlist=jp.co.pro_app.lacs.affairs.userlist.model.LACSUserListSearchModel
page.userlist=jp.co.pro_app.lacs.affairs.userlist.model.LACSUserListPageModel
back.userlist=jp.co.pro_app.lacs.affairs.userlist.model.LACSUserListBackModel
delete.userlist=jp.co.pro_app.lacs.affairs.userlist.model.LACSUserListDeleteModel
return.userlist=jp.co.pro_app.lacs.affairs.userlist.model.LACSUserListReturnModel

start.karirisilist=jp.co.pro_app.lacs.affairs.karirisilist.model.LACSKariRisiListStartModel
new.karirisilist=jp.co.pro_app.lacs.affairs.karirisilist.model.LACSKariRisiListNewModel
edit.karirisilist=jp.co.pro_app.lacs.affairs.karirisilist.model.LACSKariRisiListEditModel
filter.karirisilist=jp.co.pro_app.lacs.affairs.karirisilist.model.LACSKariRisiListFilterModel
search.karirisilist=jp.co.pro_app.lacs.affairs.karirisilist.model.LACSKariRisiListSearchModel
page.karirisilist=jp.co.pro_app.lacs.affairs.karirisilist.model.LACSKariRisiListPageModel
back.karirisilist=jp.co.pro_app.lacs.affairs.karirisilist.model.LACSKariRisiListBackModel
delete.karirisilist=jp.co.pro_app.lacs.affairs.karirisilist.model.LACSKariRisiListDeleteModel
return.karirisilist=jp.co.pro_app.lacs.affairs.karirisilist.model.LACSKariRisiListReturnModel

start.tantolist=jp.co.pro_app.lacs.affairs.tantolist.model.LACSTantoListStartModel
newenduser.tantolist=jp.co.pro_app.lacs.affairs.tantolist.model.LACSTantoListNewEndUserModel
newgeneral.tantolist=jp.co.pro_app.lacs.affairs.tantolist.model.LACSTantoListNewGeneralModel
newadmin.tantolist=jp.co.pro_app.lacs.affairs.tantolist.model.LACSTantoListNewAdminModel
edit.tantolist=jp.co.pro_app.lacs.affairs.tantolist.model.LACSTantoListEditModel
filter.tantolist=jp.co.pro_app.lacs.affairs.tantolist.model.LACSTantoListFilterModel
search.tantolist=jp.co.pro_app.lacs.affairs.tantolist.model.LACSTantoListSearchModel
page.tantolist=jp.co.pro_app.lacs.affairs.tantolist.model.LACSTantoListPageModel
back.tantolist=jp.co.pro_app.lacs.affairs.tantolist.model.LACSTantoListBackModel
delete.tantolist=jp.co.pro_app.lacs.affairs.tantolist.model.LACSTantoListDeleteModel
return.tantolist=jp.co.pro_app.lacs.affairs.tantolist.model.LACSTantoListReturnModel
unlock.tantolist=jp.co.pro_app.lacs.affairs.tantolist.model.LACSTantoListUnlockModel

start.monthreport=jp.co.pro_app.lacs.affairs.monthreport.model.LACSMReportStartModel
filter.monthreport=jp.co.pro_app.lacs.affairs.monthreport.model.LACSMReportFilterModel
pdfprint.monthreport=jp.co.pro_app.lacs.affairs.monthreport.model.LACSMReportPDFPrintModel
csvprint.monthreport=jp.co.pro_app.lacs.affairs.monthreport.model.LACSMReportCSVPrintModel
usersearch.monthreport=jp.co.pro_app.lacs.affairs.monthreport.model.LACSMReportUserSearchModel
termchange.monthreport=jp.co.pro_app.lacs.affairs.monthreport.model.LACSMReportTermChangeModel
csvdownload.monthreport=jp.co.pro_app.lacs.affairs.report.model.LACSMReportCSVDownloadModel

start.infolist=jp.co.pro_app.lacs.affairs.infolist.model.LACSInfoListStartModel
new.infolist=jp.co.pro_app.lacs.affairs.infolist.model.LACSInfoListNewModel
edit.infolist=jp.co.pro_app.lacs.affairs.infolist.model.LACSInfoListEditModel
search.infolist=jp.co.pro_app.lacs.affairs.infolist.model.LACSInfoListSearchModel
page.infolist=jp.co.pro_app.lacs.affairs.infolist.model.LACSInfoListPageModel
back.infolist=jp.co.pro_app.lacs.affairs.infolist.model.LACSInfoListBackModel
delete.infolist=jp.co.pro_app.lacs.affairs.infolist.model.LACSInfoListDeleteModel
return.infolist=jp.co.pro_app.lacs.affairs.infolist.model.LACSInfoListReturnModel
filter.infolist=jp.co.pro_app.lacs.affairs.infolist.model.LACSInfoListFilterModel

start.info=jp.co.pro_app.lacs.affairs.info.model.LACSInfoStartModel
back.info=jp.co.pro_app.lacs.affairs.info.model.LACSInfoBackModel
filter.info=jp.co.pro_app.lacs.affairs.info.model.LACSInfoFilterModel
search.info=jp.co.pro_app.lacs.affairs.info.model.LACSInfoSearchModel
regist.info=jp.co.pro_app.lacs.affairs.info.model.LACSInfoRegistModel

start.syousai=jp.co.pro_app.lacs.affairs.syousai.model.LACSSyousaiStartModel
keiyaku.syousai=jp.co.pro_app.lacs.affairs.syousai.model.LACSSyousaiKeiyakuModel
bukken.syousai=jp.co.pro_app.lacs.affairs.syousai.model.LACSSyousaiBukkenModel
search.syousai=jp.co.pro_app.lacs.affairs.syousai.model.LACSSyousaiSearchModel
page.syousai=jp.co.pro_app.lacs.affairs.syousai.model.LACSSyousaiPageModel
select.syousai=jp.co.pro_app.lacs.affairs.syousai.model.LACSSyousaiSelectModel
pdfprint.syousai=jp.co.pro_app.lacs.affairs.syousai.model.LACSSyousaiPDFPrintModel
csvprint.syousai=jp.co.pro_app.lacs.affairs.syousai.model.LACSSyousaiCSVPrintModel
regist.syousai=jp.co.pro_app.lacs.affairs.syousai.model.LACSSyousaiRegistModel


start.ukebarai=jp.co.pro_app.lacs.affairs.ukebarai.model.LACSUkebaraiStartModel
filter.ukebarai=jp.co.pro_app.lacs.affairs.ukebarai.model.LACSUkebaraiFilterModel
search.ukebarai=jp.co.pro_app.lacs.affairs.ukebarai.model.LACSUkebaraiSearchModel
pdfprint.ukebarai=jp.co.pro_app.lacs.affairs.ukebarai.model.LACSUkebaraiPDFPrintModel
csvprint.ukebarai=jp.co.pro_app.lacs.affairs.ukebarai.model.LACSUkebaraiCSVPrintModel
userchange.ukebarai=jp.co.pro_app.lacs.affairs.ukebarai.model.LACSUkebaraiUserChangeModel
termchange.ukebarai=jp.co.pro_app.lacs.affairs.ukebarai.model.LACSUkebaraiTermChangeModel

start.nsreport=jp.co.pro_app.lacs.affairs.nsreport.model.LACSNSReportStartModel
termchange.nsreport=jp.co.pro_app.lacs.affairs.nsreport.model.LACSNSReportTermChangeModel
regist.nsreport=jp.co.pro_app.lacs.affairs.nsreport.model.LACSNSReportRegistModel

start.compulsorychange=jp.co.pro_app.lacs.affairs.compulsorychange.model.LACSCompulsoryChangeStartModel
filter.compulsorychange=jp.co.pro_app.lacs.affairs.compulsorychange.model.LACSCompulsoryChangeFilterModel
detail.compulsorychange=jp.co.pro_app.lacs.affairs.compulsorychange.model.LACSCompulsoryChangeDetailModel
search.compulsorychange=jp.co.pro_app.lacs.affairs.compulsorychange.model.LACSCompulsoryChangeSearchModel
page.compulsorychange=jp.co.pro_app.lacs.affairs.compulsorychange.model.LACSCompulsoryChangePageModel
back.compulsorychange=jp.co.pro_app.lacs.affairs.compulsorychange.model.LACSCompulsoryChangeBackModel
;prepare.compulsorychange=jp.co.pro_app.lacs.affairs.compulsorychange.model.LACSCompulsoryChangePrepareModel
edit.compulsorychange=jp.co.pro_app.lacs.affairs.compulsorychange.model.LACSCompulsoryChangeEditModel
csvprint.compulsorychange=jp.co.pro_app.lacs.affairs.compulsorychange.model.LACSCompulsoryChangeCSVPrintModel
compulsorychange.syousai=jp.co.pro_app.lacs.affairs.syousai.model.LACSSyousaiCompulsoryChangeModel

start.sql=jp.co.pro_app.lacs.affairs.ukebarai.model.LACSSQLStartModel
select.sql=jp.co.pro_app.lacs.affairs.ukebarai.model.LACSSQLSelectModel
